******************************************************************************
                  TI ARM Linker PC v16.9.4                     
******************************************************************************
>> Linked Sun Oct 15 13:29:41 2023

OUTPUT FILE NAME:   <AUTOSAR_DIO_FINAL.out>
ENTRY POINT SYMBOL: "_c_int00"  address: 000004e9


MEMORY CONFIGURATION

         name            origin    length      used     unused   attr    fill
----------------------  --------  ---------  --------  --------  ----  --------
  FLASH                 00000000   00040000  000006f4  0003f90c  R  X
  SRAM                  20000000   00008000  00000230  00007dd0  RW X


SEGMENT ALLOCATION MAP

run origin  load origin   length   init length attrs members
----------  ----------- ---------- ----------- ----- -------
00000000    00000000    000006f4   000006f4    r-x
  00000000    00000000    0000026c   0000026c    r-- .intvecs
  0000026c    0000026c    00000454   00000454    r-x .text
  000006c0    000006c0    00000034   00000034    r-- .cinit
20000000    20000000    00000230   00000000    rw-
  20000000    20000000    00000200   00000000    rw- .stack
  20000200    20000200    00000030   00000000    rw- .data


SECTION ALLOCATION MAP

 output                                  attributes/
section   page    origin      length       input sections
--------  ----  ----------  ----------   ----------------
.intvecs   0    00000000    0000026c     
                  00000000    0000026c     tm4c123gh6pm_startup_ccs.obj (.intvecs)

.text      0    0000026c    00000454     
                  0000026c    00000108     DIO.obj (.text)
                  00000374    0000009c     rtsv7M4_T_le_v4SPD16_eabi.lib : memcpy_t2.obj (.text)
                  00000410    00000070                                   : autoinit.obj (.text)
                  00000480    00000068                                   : copy_decompress_lzss.obj (.text:decompress:lzss)
                  000004e8    00000054                                   : boot.obj (.text)
                  0000053c    00000054                                   : exit.obj (.text)
                  00000590    00000052     main.obj (.text)
                  000005e2    00000002     rtsv7M4_T_le_v4SPD16_eabi.lib : mpu_init.obj (.text)
                  000005e4    0000004c                                   : cpy_tbl.obj (.text)
                  00000630    00000044     PORT.obj (.text)
                  00000674    00000018     rtsv7M4_T_le_v4SPD16_eabi.lib : args_main.obj (.text)
                  0000068c    00000014                                   : _lock.obj (.text)
                  000006a0    0000000e                                   : copy_decompress_none.obj (.text:decompress:none)
                  000006ae    0000000c     tm4c123gh6pm_startup_ccs.obj (.text)
                  000006ba    00000004     rtsv7M4_T_le_v4SPD16_eabi.lib : pre_init.obj (.text)
                  000006be    00000002                                   : startup.obj (.text)

.cinit     0    000006c0    00000034     
                  000006c0    00000023     (.cinit..data.load) [load image, compression = lzss]
                  000006e3    00000001     --HOLE-- [fill = 0]
                  000006e4    00000008     (__TI_handler_table)
                  000006ec    00000008     (__TI_cinit_table)

.init_array 
*          0    00000000    00000000     UNINITIALIZED

.stack     0    20000000    00000200     UNINITIALIZED
                  20000000    00000200     --HOLE--

.data      0    20000200    00000030     UNINITIALIZED
                  20000200    00000018     DIO.obj (.data:GPIO_Arr)
                  20000218    0000000c     rtsv7M4_T_le_v4SPD16_eabi.lib : exit.obj (.data:$O1$$)
                  20000224    00000008                                   : _lock.obj (.data:$O1$$)
                  2000022c    00000004                                   : stkdepth_vars.obj (.data)

MODULE SUMMARY

       Module                         code   ro data   rw data
       ------                         ----   -------   -------
    .\
       tm4c123gh6pm_startup_ccs.obj   12     620       0      
       main.obj                       82     0         0      
    +--+------------------------------+------+---------+---------+
       Total:                         94     620       0      
                                                              
    .\MCAL\DIO\
       DIO.obj                        264    0         24     
    +--+------------------------------+------+---------+---------+
       Total:                         264    0         24     
                                                              
    .\MCAL\PORT\
       PORT.obj                       68     0         0      
    +--+------------------------------+------+---------+---------+
       Total:                         68     0         0      
                                                              
    C:\ti\ccsv7\tools\compiler\ti-cgt-arm_16.9.4.LTS\lib\rtsv7M4_T_le_v4SPD16_eabi.lib
       memcpy_t2.obj                  156    0         0      
       autoinit.obj                   112    0         0      
       copy_decompress_lzss.obj       104    0         0      
       exit.obj                       84     0         12     
       boot.obj                       84     0         0      
       cpy_tbl.obj                    76     0         0      
       _lock.obj                      20     0         8      
       args_main.obj                  24     0         0      
       copy_decompress_none.obj       14     0         0      
       pre_init.obj                   4      0         0      
       stkdepth_vars.obj              0      0         4      
       mpu_init.obj                   2      0         0      
       startup.obj                    2      0         0      
    +--+------------------------------+------+---------+---------+
       Total:                         682    0         24     
                                                              
       Stack:                         0      0         512    
       Linker Generated:              0      51        0      
    +--+------------------------------+------+---------+---------+
       Grand Total:                   1108   671       560    


LINKER GENERATED COPY TABLES

__TI_cinit_table @ 000006ec records: 1, size/record: 8, table size: 8
	.data: load addr=000006c0, load size=00000023 bytes, run addr=20000200, run size=00000030 bytes, compression=lzss


LINKER GENERATED HANDLER TABLE

__TI_handler_table @ 000006e4 records: 2, size/record: 4, table size: 8
	index: 0, handler: __TI_decompress_lzss
	index: 1, handler: __TI_decompress_none


GLOBAL SYMBOLS: SORTED ALPHABETICALLY BY Name 

address   name                           
-------   ----                           
0000053d  C$$EXIT                        
0000026d  Dio_ReadChannel                
00000317  Dio_ReadPort                   
000002b5  Dio_WriteChannel               
00000347  Dio_WritePort                  
00000631  PORT_Init                      
000006af  ResetISR                       
UNDEFED   SHT$$INIT_ARRAY$$Base          
UNDEFED   SHT$$INIT_ARRAY$$Limit         
20000200  __STACK_END                    
00000200  __STACK_SIZE                   
20000200  __STACK_TOP                    
000006ec  __TI_CINIT_Base                
000006f4  __TI_CINIT_Limit               
000006e4  __TI_Handler_Table_Base        
000006ec  __TI_Handler_Table_Limit       
00000411  __TI_auto_init                 
20000218  __TI_cleanup_ptr               
00000481  __TI_decompress_lzss           
000006a1  __TI_decompress_none           
2000021c  __TI_dtors_ptr                 
20000220  __TI_enable_exit_profile_output
ffffffff  __TI_pprof_out_hndl            
ffffffff  __TI_prof_data_size            
ffffffff  __TI_prof_data_start           
00000000  __TI_static_base__             
00000375  __aeabi_memcpy                 
00000375  __aeabi_memcpy4                
00000375  __aeabi_memcpy8                
ffffffff  __binit__                      
ffffffff  __c_args__                     
000005e3  __mpu_init                     
20000000  __stack                        
00000675  _args_main                     
000004e9  _c_int00                       
20000224  _lock                          
0000069b  _nop                           
00000693  _register_lock                 
0000068d  _register_unlock               
000006bf  _system_post_cinit             
000006bb  _system_pre_init               
20000228  _unlock                        
00000541  abort                          
ffffffff  binit                          
000005e5  copy_in                        
00000549  exit                           
00000000  g_pfnVectors                   
00000591  main                           
2000022c  main_func_sp                   
00000375  memcpy                         


GLOBAL SYMBOLS: SORTED BY Symbol Address 

address   name                           
-------   ----                           
00000000  __TI_static_base__             
00000000  g_pfnVectors                   
00000200  __STACK_SIZE                   
0000026d  Dio_ReadChannel                
000002b5  Dio_WriteChannel               
00000317  Dio_ReadPort                   
00000347  Dio_WritePort                  
00000375  __aeabi_memcpy                 
00000375  __aeabi_memcpy4                
00000375  __aeabi_memcpy8                
00000375  memcpy                         
00000411  __TI_auto_init                 
00000481  __TI_decompress_lzss           
000004e9  _c_int00                       
0000053d  C$$EXIT                        
00000541  abort                          
00000549  exit                           
00000591  main                           
000005e3  __mpu_init                     
000005e5  copy_in                        
00000631  PORT_Init                      
00000675  _args_main                     
0000068d  _register_unlock               
00000693  _register_lock                 
0000069b  _nop                           
000006a1  __TI_decompress_none           
000006af  ResetISR                       
000006bb  _system_pre_init               
000006bf  _system_post_cinit             
000006e4  __TI_Handler_Table_Base        
000006ec  __TI_CINIT_Base                
000006ec  __TI_Handler_Table_Limit       
000006f4  __TI_CINIT_Limit               
20000000  __stack                        
20000200  __STACK_END                    
20000200  __STACK_TOP                    
20000218  __TI_cleanup_ptr               
2000021c  __TI_dtors_ptr                 
20000220  __TI_enable_exit_profile_output
20000224  _lock                          
20000228  _unlock                        
2000022c  main_func_sp                   
ffffffff  __TI_pprof_out_hndl            
ffffffff  __TI_prof_data_size            
ffffffff  __TI_prof_data_start           
ffffffff  __binit__                      
ffffffff  __c_args__                     
ffffffff  binit                          
UNDEFED   SHT$$INIT_ARRAY$$Base          
UNDEFED   SHT$$INIT_ARRAY$$Limit         

[50 symbols]
